// Jest Snapshot v1, https://goo.gl/fbAQLP

exports[`<From/> should render 1`] = `
<div
  className="ui input"
>
  <input
    placeholder="From..."
    type="text"
  />
</div>
`;
