// Jest Snapshot v1, https://goo.gl/fbAQLP

exports[`<To/> should render 1`] = `
<div
  className="ui input"
>
  <input
    placeholder="To..."
    type="text"
  />
</div>
`;
